


ARM Macro Assembler    Page 1 


    1 00000000         ; read.s
    2 00000000         ; Uses Timer0B to read pulse train on PB7
    3 00000000         
    4 00000000         
    5 00000000         ; 16/32 Timer Registers
    6 00000000 40031000 
                       TIMER1_CFG
                               EQU              0x40031000  ; Configuration Reg
                                                            ister
    7 00000000 40031004 
                       TIMER1_TAMR
                               EQU              0x40031004  ; Mode Register
    8 00000000 4003100C 
                       TIMER1_CTL
                               EQU              0x4003100C  ; Control Register
    9 00000000 4003101C 
                       TIMER1_RIS
                               EQU              0x4003101C  ; Raw interrupt Sta
                                                            tus
   10 00000000 40031024 
                       TIMER1_ICR
                               EQU              0x40031024  ; Interrupt Clear R
                                                            egister
   11 00000000 40031028 
                       TIMER1_TAILR
                               EQU              0x40031028  ; Interval Load Reg
                                                            ister
   12 00000000 40031030 
                       TIMER1_TAMATCHR
                               EQU              0x40031030  ; Match Register
   13 00000000 40031038 
                       TIMER1_TAPR
                               EQU              0x40031038  ; Prescaling Divide
                                                            r
   14 00000000 40031048 
                       TIMER1_TAR
                               EQU              0x40031048  ; Counter Register
   15 00000000 40031018 
                       TIMER1_IMR
                               EQU              0x40031018  ; Defining Interrup
                                                            t
   16 00000000 40031050 
                       TIMER1_TAV
                               EQU              0x40031050  ; To set the timer 
                                                            initial value
   17 00000000         
   18 00000000         ;GPIO Registers
   19 00000000         ;Port B base 0x40005000
   20 00000000 40005010 
                       GPIO_PORTB_IM
                               EQU              0x40005010  ; Interrupt Mask
   21 00000000 40005400 
                       GPIO_PORTB_DIR
                               EQU              0x40005400  ; Port Direction
   22 00000000 40005420 
                       GPIO_PORTB_AFSEL
                               EQU              0x40005420  ; Alt Function enab
                                                            le
   23 00000000 4000551C 



ARM Macro Assembler    Page 2 


                       GPIO_PORTB_DEN
                               EQU              0x4000551C  ; Digital Enable
   24 00000000 40005528 
                       GPIO_PORTB_AMSEL
                               EQU              0x40005528  ; Analog enable
   25 00000000 4000552C 
                       GPIO_PORTB_PCTL
                               EQU              0x4000552C  ; Alternate Functio
                                                            ns
   26 00000000 40005514 
                       GPIO_PORTB_PDR
                               EQU              0x40005514  ; Pull down
   27 00000000         ;System Registers
   28 00000000 400FE608 
                       SYSCTL_RCGCGPIO
                               EQU              0x400FE608  ; GPIO Gate Control
                                                            
   29 00000000 400FE604 
                       SYSCTL_RCGCTIMER
                               EQU              0x400FE604  ; GPTM Gate Control
                                                            
   30 00000000         
   31 00000000                 AREA             routines, CODE, READONLY
   32 00000000                 THUMB
   33 00000000                 EXPORT           READ_INIT
   34 00000000         
   35 00000000         READ_INIT
                               PROC
   36 00000000 4920            LDR              R1, =SYSCTL_RCGCGPIO 
                                                            ; start GPIO clock
   37 00000002 6808            LDR              R0, [R1]
   38 00000004 F040 0002       ORR              R0, R0, #0x02 ; set bit 2 for p
                                                            ort B
   39 00000008 6008            STR              R0, [R1]
   40 0000000A BF00            NOP                          ; allow clock to se
                                                            ttle
   41 0000000C BF00            NOP
   42 0000000E BF00            NOP
   43 00000010 491D            LDR              R1, =GPIO_PORTB_DIR
   44 00000012 6808            LDR              R0, [R1]
   45 00000014 F020 0010       BIC              R0, R0, #0x10 ; clear bit 4 for
                                                             input
   46 00000018 6008            STR              R0, [R1]
   47 0000001A         ; enable alternate function
   48 0000001A 491C            LDR              R1, =GPIO_PORTB_AFSEL
   49 0000001C 6808            LDR              R0, [R1]
   50 0000001E F040 0010       ORR              R0, R0, #0x10 ; set bit4 for al
                                                            ternate fuction on 
                                                            PB4
   51 00000022 6008            STR              R0, [R1]
   52 00000024         ; set alternate function to T1CCP0 (7)
   53 00000024 491A            LDR              R1, =GPIO_PORTB_PCTL
   54 00000026 6808            LDR              R0, [R1]
   55 00000028 F440 20E0       ORR              R0, R0, #0x00070000 ; set bits 
                                                            27:24 of PCTL to 7
   56 0000002C 6008            STR              R0, [R1]    ; to enable T1CCP0 
                                                            on PB4
   57 0000002E         ; disable analog
   58 0000002E 4919            LDR              R1, =GPIO_PORTB_AMSEL



ARM Macro Assembler    Page 3 


   59 00000030 F04F 0000       MOV              R0, #0      ; clear AMSEL to di
                                                            able analog
   60 00000034 6008            STR              R0, [R1]
   61 00000036         ; Set pull down
   62 00000036 4918            LDR              R1, =GPIO_PORTB_PDR
   63 00000038 F04F 0010       MOV              R0, #0x10   ; set PB4 as pull d
                                                            own
   64 0000003C 6008            STR              R0, [R1]    ;
   65 0000003E         
   66 0000003E         ;Timer1,A initialization
   67 0000003E 4917            LDR              R1, =SYSCTL_RCGCTIMER
   68 00000040 680A            LDR              R2, [R1]    ; Start timer 1
   69 00000042 F042 0202       ORR              R2, R2, #0x02 ; Timer module = 
                                                            bit position (1)
   70 00000046 600A            STR              R2, [R1]
   71 00000048 BF00            NOP
   72 0000004A BF00            NOP
   73 0000004C BF00            NOP                          ; allow clock to se
                                                            ttle
   74 0000004E         ; disable timer during setup
   75 0000004E 4914            LDR              R1, =TIMER1_CTL
   76 00000050 680A            LDR              R2, [R1]
   77 00000052 F022 0201       BIC              R2, R2, #0x01 ; clear bit 0 to 
                                                            disable Timer 0
   78 00000056 600A            STR              R2, [R1]
   79 00000058         ; set to 16bit Timer Mode
   80 00000058 4912            LDR              R1, =TIMER1_CFG
   81 0000005A F04F 0204       MOV              R2, #0x04   ; set bits 2:0 to 0
                                                            x04 for 16bit timer
                                                            
   82 0000005E 600A            STR              R2, [R1]
   83 00000060         ; set for edge time and capture mode
   84 00000060 4911            LDR              R1, =TIMER1_TAMR ; set bit 4 to
                                                             0x01 for up counti
                                                            ng
   85 00000062 F04F 0217       MOV              R2, #0x17   ; set bit2 to 0x01 
                                                            for Edge Time Mode,
                                                            
   86 00000066 600A            STR              R2, [R1]    ; set bits 1:0 to 0
                                                            x03 for Capture Mod
                                                            e
   87 00000068         ; set edge detection to both
   88 00000068 490D            LDR              R1, =TIMER1_CTL
   89 0000006A 680A            LDR              R2, [R1]
   90 0000006C F042 020C       ORR              R2, R2, #0x0C ; set bits 3:2 to
                                                             0x03
   91 00000070 600A            STR              R2, [R1]
   92 00000072         ; set start value
   93 00000072 490E            LDR              R1, =TIMER1_TAILR ; counter cou
                                                            nts down,
   94 00000074         ;MOV R0, #0xFFFFFFFF ; so start counter at max value
   95 00000074 F04F 0000       MOV              R0, #0x00000000 ; so start coun
                                                            ter at min value
   96 00000078 6008            STR              R0, [R1]
   97 0000007A         ; Enable timer
   98 0000007A 4909            LDR              R1, =TIMER1_CTL ;
   99 0000007C 680A            LDR              R2, [R1]    ;
  100 0000007E F042 0201       ORR              R2, R2, #0x01 ; set bit 0 to en
                                                            able



ARM Macro Assembler    Page 4 


  101 00000082 600A            STR              R2, [R1]
  102 00000084         
  103 00000084                 ENDP
  104 00000084                 END
              400FE608 
              40005400 
              40005420 
              4000552C 
              40005528 
              40005514 
              400FE604 
              4003100C 
              40031000 
              40031004 
              40031028 
Command Line: --debug --xref --diag_suppress=9931 --cpu=Cortex-M4.fp --apcs=int
erwork --depend=.\objects\read.d -o.\objects\read.o -I"C:\Users\Furkan\Google D
rive\Ders Kitaplarý-Notlar\4. Sýnýf\EE447\LAB\Exp6\Q2\RTE" -IC:\Keil_v5\ARM\PAC
K\Keil\TM4C_DFP\1.1.0\Device\Include\TM4C123 -IC:\Keil_v5\ARM\CMSIS\Include --p
redefine="__EVAL SETA 1" --predefine="__UVISION_VERSION SETA 521" --predefine="
TM4C123GH6PM SETA 1" --list=.\listings\read.lst ..\Q1\Read.s



ARM Macro Assembler    Page 1 Alphabetic symbol ordering
Relocatable symbols

READ_INIT 00000000

Symbol: READ_INIT
   Definitions
      At line 35 in file ..\Q1\Read.s
   Uses
      At line 33 in file ..\Q1\Read.s
Comment: READ_INIT used once
routines 00000000

Symbol: routines
   Definitions
      At line 31 in file ..\Q1\Read.s
   Uses
      None
Comment: routines unused
2 symbols



ARM Macro Assembler    Page 1 Alphabetic symbol ordering
Absolute symbols

GPIO_PORTB_AFSEL 40005420

Symbol: GPIO_PORTB_AFSEL
   Definitions
      At line 22 in file ..\Q1\Read.s
   Uses
      At line 48 in file ..\Q1\Read.s
Comment: GPIO_PORTB_AFSEL used once
GPIO_PORTB_AMSEL 40005528

Symbol: GPIO_PORTB_AMSEL
   Definitions
      At line 24 in file ..\Q1\Read.s
   Uses
      At line 58 in file ..\Q1\Read.s
Comment: GPIO_PORTB_AMSEL used once
GPIO_PORTB_DEN 4000551C

Symbol: GPIO_PORTB_DEN
   Definitions
      At line 23 in file ..\Q1\Read.s
   Uses
      None
Comment: GPIO_PORTB_DEN unused
GPIO_PORTB_DIR 40005400

Symbol: GPIO_PORTB_DIR
   Definitions
      At line 21 in file ..\Q1\Read.s
   Uses
      At line 43 in file ..\Q1\Read.s
Comment: GPIO_PORTB_DIR used once
GPIO_PORTB_IM 40005010

Symbol: GPIO_PORTB_IM
   Definitions
      At line 20 in file ..\Q1\Read.s
   Uses
      None
Comment: GPIO_PORTB_IM unused
GPIO_PORTB_PCTL 4000552C

Symbol: GPIO_PORTB_PCTL
   Definitions
      At line 25 in file ..\Q1\Read.s
   Uses
      At line 53 in file ..\Q1\Read.s
Comment: GPIO_PORTB_PCTL used once
GPIO_PORTB_PDR 40005514

Symbol: GPIO_PORTB_PDR
   Definitions
      At line 26 in file ..\Q1\Read.s
   Uses
      At line 62 in file ..\Q1\Read.s
Comment: GPIO_PORTB_PDR used once
SYSCTL_RCGCGPIO 400FE608

Symbol: SYSCTL_RCGCGPIO



ARM Macro Assembler    Page 2 Alphabetic symbol ordering
Absolute symbols

   Definitions
      At line 28 in file ..\Q1\Read.s
   Uses
      At line 36 in file ..\Q1\Read.s
Comment: SYSCTL_RCGCGPIO used once
SYSCTL_RCGCTIMER 400FE604

Symbol: SYSCTL_RCGCTIMER
   Definitions
      At line 29 in file ..\Q1\Read.s
   Uses
      At line 67 in file ..\Q1\Read.s
Comment: SYSCTL_RCGCTIMER used once
TIMER1_CFG 40031000

Symbol: TIMER1_CFG
   Definitions
      At line 6 in file ..\Q1\Read.s
   Uses
      At line 80 in file ..\Q1\Read.s
Comment: TIMER1_CFG used once
TIMER1_CTL 4003100C

Symbol: TIMER1_CTL
   Definitions
      At line 8 in file ..\Q1\Read.s
   Uses
      At line 75 in file ..\Q1\Read.s
      At line 88 in file ..\Q1\Read.s
      At line 98 in file ..\Q1\Read.s

TIMER1_ICR 40031024

Symbol: TIMER1_ICR
   Definitions
      At line 10 in file ..\Q1\Read.s
   Uses
      None
Comment: TIMER1_ICR unused
TIMER1_IMR 40031018

Symbol: TIMER1_IMR
   Definitions
      At line 15 in file ..\Q1\Read.s
   Uses
      None
Comment: TIMER1_IMR unused
TIMER1_RIS 4003101C

Symbol: TIMER1_RIS
   Definitions
      At line 9 in file ..\Q1\Read.s
   Uses
      None
Comment: TIMER1_RIS unused
TIMER1_TAILR 40031028

Symbol: TIMER1_TAILR
   Definitions



ARM Macro Assembler    Page 3 Alphabetic symbol ordering
Absolute symbols

      At line 11 in file ..\Q1\Read.s
   Uses
      At line 93 in file ..\Q1\Read.s
Comment: TIMER1_TAILR used once
TIMER1_TAMATCHR 40031030

Symbol: TIMER1_TAMATCHR
   Definitions
      At line 12 in file ..\Q1\Read.s
   Uses
      None
Comment: TIMER1_TAMATCHR unused
TIMER1_TAMR 40031004

Symbol: TIMER1_TAMR
   Definitions
      At line 7 in file ..\Q1\Read.s
   Uses
      At line 84 in file ..\Q1\Read.s
Comment: TIMER1_TAMR used once
TIMER1_TAPR 40031038

Symbol: TIMER1_TAPR
   Definitions
      At line 13 in file ..\Q1\Read.s
   Uses
      None
Comment: TIMER1_TAPR unused
TIMER1_TAR 40031048

Symbol: TIMER1_TAR
   Definitions
      At line 14 in file ..\Q1\Read.s
   Uses
      None
Comment: TIMER1_TAR unused
TIMER1_TAV 40031050

Symbol: TIMER1_TAV
   Definitions
      At line 16 in file ..\Q1\Read.s
   Uses
      None
Comment: TIMER1_TAV unused
20 symbols
358 symbols in table
