Component: ARM Compiler 5.06 update 6 (build 750) Tool: armlink [4d35ed]

==============================================================================

Section Cross References

    __main.o(main) refers to read.o(routines) for READ_INIT
    __main.o(main) refers to pulse.o(routines) for PULSE_INIT
    __main.o(main) refers to outstr.o(.text) for OutStr
    __main.o(main) refers to convrt.o(routines) for CONVRT
    __main.o(main) refers to __main.o(sdata) for MSG
    startup.o(STACK) refers (Special) to heapauxi.o(.text) for __use_two_region_memory
    startup.o(HEAP) refers (Special) to heapauxi.o(.text) for __use_two_region_memory
    startup.o(RESET) refers (Special) to heapauxi.o(.text) for __use_two_region_memory
    startup.o(RESET) refers to startup.o(STACK) for StackMem
    startup.o(RESET) refers to __main.o(main) for __main
    startup.o(RESET) refers to pulse.o(routines) for My_Timer0A_Handler
    startup.o(.text) refers (Special) to heapauxi.o(.text) for __use_two_region_memory
    startup.o(.text) refers to startup.o(HEAP) for HeapMem
    startup.o(.text) refers to startup.o(STACK) for StackMem


==============================================================================

Removing Unused input sections from the image.

    Removing startup.o(HEAP), (0 bytes).
    Removing startup.o(.text), (48 bytes).

2 unused section(s) (total 48 bytes) removed from the image.

==============================================================================

Image Symbol Table

    Local Symbols

    Symbol Name                              Value     Ov Type        Size  Object(Section)

    RESET                                    0x00000000   Section      656  startup.o(RESET)
    ../clib/heapaux.c                        0x00000000   Number         0  heapauxi.o ABSOLUTE
    CONVRT.s                                 0x00000000   Number         0  convrt.o ABSOLUTE
    OutStr.s                                 0x00000000   Number         0  outstr.o ABSOLUTE
    Pulse.s                                  0x00000000   Number         0  pulse.o ABSOLUTE
    Startup.s                                0x00000000   Number         0  startup.o ABSOLUTE
    __main.s                                 0x00000000   Number         0  __main.o ABSOLUTE
    dc.s                                     0x00000000   Number         0  dc.o ABSOLUTE
    read.s                                   0x00000000   Number         0  read.o ABSOLUTE
    $v0                                      0x0000026c   Number         0  startup.o(RESET)
    .text                                    0x00000290   Section      236  outstr.o(.text)
    $v0                                      0x00000290   Number         0  outstr.o(.text)
    .text                                    0x0000037c   Section        0  heapauxi.o(.text)
    main                                     0x00000384   Section      268  __main.o(main)
    $v0                                      0x00000384   Number         0  __main.o(main)
    routines                                 0x00000490   Section      280  pulse.o(routines)
    $v0                                      0x00000490   Number         0  pulse.o(routines)
    routines                                 0x000005a8   Section      180  read.o(routines)
    $v0                                      0x000005a8   Number         0  read.o(routines)
    routines                                 0x0000065c   Section       92  convrt.o(routines)
    $v0                                      0x0000065c   Number         0  convrt.o(routines)
    sdata                                    0x000006b8   Section       38  __main.o(sdata)
    MSG                                      0x000006b8   Data          12  __main.o(sdata)
    MSG1                                     0x000006c6   Data           7  __main.o(sdata)
    MSG2                                     0x000006cf   Data          13  __main.o(sdata)
    STACK                                    0x20000000   Section     1024  startup.o(STACK)
    StackMem                                 0x20000000   Data           0  startup.o(STACK)

    Global Symbols

    Symbol Name                              Value     Ov Type        Size  Object(Section)

    BuildAttributes$$THM_ISAv4$E$P$D$K$B$S$7EM$VFPi3$EXTD16$VFPS$VFMA$PE$A:L22UL41UL21$X:L11$S22US41US21$IEEE1$IW$USESV6$~STKCKD$USESV7$~SHL$OSPACE$ROPI$EBA8$STANDARDLIB$REQ8$EABIv2 0x00000000   Number         0  anon$$obj.o ABSOLUTE
    __Vectors                                0x00000000   Data           0  startup.o(RESET)
    Reset_Handler                            0x0000026d   Thumb Code     0  startup.o(RESET)
    NMI_Handler                              0x00000271   Thumb Code     2  startup.o(RESET)
    HardFault_Handler                        0x00000273   Thumb Code     2  startup.o(RESET)
    MemManage_Handler                        0x00000275   Thumb Code     2  startup.o(RESET)
    BusFault_Handler                         0x00000277   Thumb Code     2  startup.o(RESET)
    UsageFault_Handler                       0x00000279   Thumb Code     2  startup.o(RESET)
    SVC_Handler                              0x0000027b   Thumb Code     2  startup.o(RESET)
    DebugMon_Handler                         0x0000027d   Thumb Code     2  startup.o(RESET)
    PendSV_Handler                           0x0000027f   Thumb Code     2  startup.o(RESET)
    SysTick_Handler                          0x00000281   Thumb Code     2  startup.o(RESET)
    ADC0Seq0_Handler                         0x00000283   Thumb Code     0  startup.o(RESET)
    ADC0Seq1_Handler                         0x00000283   Thumb Code     0  startup.o(RESET)
    ADC0Seq2_Handler                         0x00000283   Thumb Code     0  startup.o(RESET)
    ADC0Seq3_Handler                         0x00000283   Thumb Code     0  startup.o(RESET)
    GPIOPortA_Handler                        0x00000283   Thumb Code     0  startup.o(RESET)
    GPIOPortB_Handler                        0x00000283   Thumb Code     0  startup.o(RESET)
    GPIOPortC_Handler                        0x00000283   Thumb Code     0  startup.o(RESET)
    GPIOPortD_Handler                        0x00000283   Thumb Code     0  startup.o(RESET)
    GPIOPortE_Handler                        0x00000283   Thumb Code     0  startup.o(RESET)
    I2C0_Handler                             0x00000283   Thumb Code     0  startup.o(RESET)
    PWM0Fault_Handler                        0x00000283   Thumb Code     0  startup.o(RESET)
    PWM0Generator0_Handler                   0x00000283   Thumb Code     0  startup.o(RESET)
    PWM0Generator1_Handler                   0x00000283   Thumb Code     0  startup.o(RESET)
    PWM0Generator2_Handler                   0x00000283   Thumb Code     0  startup.o(RESET)
    Quadrature0_Handler                      0x00000283   Thumb Code     0  startup.o(RESET)
    SSI0_Handler                             0x00000283   Thumb Code     0  startup.o(RESET)
    Timer0A_Handler                          0x00000283   Thumb Code    12  startup.o(RESET)
    UART0_Handler                            0x00000283   Thumb Code     0  startup.o(RESET)
    UART1_Handler                            0x00000283   Thumb Code     0  startup.o(RESET)
    WDT_Handler                              0x00000283   Thumb Code     0  startup.o(RESET)
    ADC1Seq0_Handler                         0x0000028f   Thumb Code     0  startup.o(RESET)
    ADC1Seq1_Handler                         0x0000028f   Thumb Code     0  startup.o(RESET)
    ADC1Seq2_Handler                         0x0000028f   Thumb Code     0  startup.o(RESET)
    ADC1Seq3_Handler                         0x0000028f   Thumb Code     0  startup.o(RESET)
    CAN0_Handler                             0x0000028f   Thumb Code     0  startup.o(RESET)
    CAN1_Handler                             0x0000028f   Thumb Code     0  startup.o(RESET)
    CAN2_Handler                             0x0000028f   Thumb Code     0  startup.o(RESET)
    Comp0_Handler                            0x0000028f   Thumb Code     0  startup.o(RESET)
    Comp1_Handler                            0x0000028f   Thumb Code     0  startup.o(RESET)
    Comp2_Handler                            0x0000028f   Thumb Code     0  startup.o(RESET)
    Ethernet_Handler                         0x0000028f   Thumb Code     0  startup.o(RESET)
    ExtBus_Handler                           0x0000028f   Thumb Code     0  startup.o(RESET)
    FPU_Handler                              0x0000028f   Thumb Code     0  startup.o(RESET)
    Fan0_Handler                             0x0000028f   Thumb Code     0  startup.o(RESET)
    FlashCtl_Handler                         0x0000028f   Thumb Code     0  startup.o(RESET)
    GPIOPortF_Handler                        0x0000028f   Thumb Code     0  startup.o(RESET)
    GPIOPortG_Handler                        0x0000028f   Thumb Code     0  startup.o(RESET)
    GPIOPortH_Handler                        0x0000028f   Thumb Code     0  startup.o(RESET)
    GPIOPortJ_Handler                        0x0000028f   Thumb Code     0  startup.o(RESET)
    GPIOPortK_Handler                        0x0000028f   Thumb Code     0  startup.o(RESET)
    GPIOPortL_Handler                        0x0000028f   Thumb Code     0  startup.o(RESET)
    GPIOPortM_Handler                        0x0000028f   Thumb Code     0  startup.o(RESET)
    GPIOPortN_Handler                        0x0000028f   Thumb Code     0  startup.o(RESET)
    GPIOPortP1_Handler                       0x0000028f   Thumb Code     0  startup.o(RESET)
    GPIOPortP2_Handler                       0x0000028f   Thumb Code     0  startup.o(RESET)
    GPIOPortP3_Handler                       0x0000028f   Thumb Code     0  startup.o(RESET)
    GPIOPortP4_Handler                       0x0000028f   Thumb Code     0  startup.o(RESET)
    GPIOPortP5_Handler                       0x0000028f   Thumb Code     0  startup.o(RESET)
    GPIOPortP6_Handler                       0x0000028f   Thumb Code     0  startup.o(RESET)
    GPIOPortP7_Handler                       0x0000028f   Thumb Code     0  startup.o(RESET)
    GPIOPortP_Handler                        0x0000028f   Thumb Code     0  startup.o(RESET)
    GPIOPortQ1_Handler                       0x0000028f   Thumb Code     0  startup.o(RESET)
    GPIOPortQ2_Handler                       0x0000028f   Thumb Code     0  startup.o(RESET)
    GPIOPortQ3_Handler                       0x0000028f   Thumb Code     0  startup.o(RESET)
    GPIOPortQ4_Handler                       0x0000028f   Thumb Code     0  startup.o(RESET)
    GPIOPortQ5_Handler                       0x0000028f   Thumb Code     0  startup.o(RESET)
    GPIOPortQ6_Handler                       0x0000028f   Thumb Code     0  startup.o(RESET)
    GPIOPortQ7_Handler                       0x0000028f   Thumb Code     0  startup.o(RESET)
    GPIOPortQ_Handler                        0x0000028f   Thumb Code     0  startup.o(RESET)
    GPIOPortR_Handler                        0x0000028f   Thumb Code     0  startup.o(RESET)
    GPIOPortS_Handler                        0x0000028f   Thumb Code     0  startup.o(RESET)
    Hibernate_Handler                        0x0000028f   Thumb Code     0  startup.o(RESET)
    I2C1_Handler                             0x0000028f   Thumb Code     0  startup.o(RESET)
    I2C2_Handler                             0x0000028f   Thumb Code     0  startup.o(RESET)
    I2C3_Handler                             0x0000028f   Thumb Code     0  startup.o(RESET)
    I2C4_Handler                             0x0000028f   Thumb Code     0  startup.o(RESET)
    I2C5_Handler                             0x0000028f   Thumb Code     0  startup.o(RESET)
    I2S0_Handler                             0x0000028f   Thumb Code     0  startup.o(RESET)
    LPC0_Handler                             0x0000028f   Thumb Code     0  startup.o(RESET)
    PECI0_Handler                            0x0000028f   Thumb Code     0  startup.o(RESET)
    PWM0Generator3_Handler                   0x0000028f   Thumb Code     0  startup.o(RESET)
    PWM1Fault_Handler                        0x0000028f   Thumb Code     0  startup.o(RESET)
    PWM1Generator0_Handler                   0x0000028f   Thumb Code     0  startup.o(RESET)
    PWM1Generator1_Handler                   0x0000028f   Thumb Code     0  startup.o(RESET)
    PWM1Generator2_Handler                   0x0000028f   Thumb Code     0  startup.o(RESET)
    PWM1Generator3_Handler                   0x0000028f   Thumb Code     0  startup.o(RESET)
    Quadrature1_Handler                      0x0000028f   Thumb Code     0  startup.o(RESET)
    Quadrature2_Handler                      0x0000028f   Thumb Code     0  startup.o(RESET)
    SSI1_Handler                             0x0000028f   Thumb Code     0  startup.o(RESET)
    SSI2_Handler                             0x0000028f   Thumb Code     0  startup.o(RESET)
    SSI3_Handler                             0x0000028f   Thumb Code     0  startup.o(RESET)
    SysCtl_Handler                           0x0000028f   Thumb Code     0  startup.o(RESET)
    Timer0B_Handler                          0x0000028f   Thumb Code     0  startup.o(RESET)
    Timer1A_Handler                          0x0000028f   Thumb Code     0  startup.o(RESET)
    Timer1B_Handler                          0x0000028f   Thumb Code     0  startup.o(RESET)
    Timer2A_Handler                          0x0000028f   Thumb Code     0  startup.o(RESET)
    Timer2B_Handler                          0x0000028f   Thumb Code     0  startup.o(RESET)
    Timer3A_Handler                          0x0000028f   Thumb Code     0  startup.o(RESET)
    Timer3B_Handler                          0x0000028f   Thumb Code     0  startup.o(RESET)
    Timer4A_Handler                          0x0000028f   Thumb Code     0  startup.o(RESET)
    Timer4B_Handler                          0x0000028f   Thumb Code     0  startup.o(RESET)
    Timer5A_Handler                          0x0000028f   Thumb Code     0  startup.o(RESET)
    Timer5B_Handler                          0x0000028f   Thumb Code     0  startup.o(RESET)
    UART2_Handler                            0x0000028f   Thumb Code     0  startup.o(RESET)
    UART3_Handler                            0x0000028f   Thumb Code     0  startup.o(RESET)
    UART4_Handler                            0x0000028f   Thumb Code     0  startup.o(RESET)
    UART5_Handler                            0x0000028f   Thumb Code     0  startup.o(RESET)
    UART6_Handler                            0x0000028f   Thumb Code     0  startup.o(RESET)
    UART7_Handler                            0x0000028f   Thumb Code     0  startup.o(RESET)
    USB0_Handler                             0x0000028f   Thumb Code     0  startup.o(RESET)
    WideTimer0A_Handler                      0x0000028f   Thumb Code     0  startup.o(RESET)
    WideTimer0B_Handler                      0x0000028f   Thumb Code     0  startup.o(RESET)
    WideTimer1A_Handler                      0x0000028f   Thumb Code     0  startup.o(RESET)
    WideTimer1B_Handler                      0x0000028f   Thumb Code     0  startup.o(RESET)
    WideTimer2A_Handler                      0x0000028f   Thumb Code     0  startup.o(RESET)
    WideTimer2B_Handler                      0x0000028f   Thumb Code     0  startup.o(RESET)
    WideTimer3A_Handler                      0x0000028f   Thumb Code     0  startup.o(RESET)
    WideTimer3B_Handler                      0x0000028f   Thumb Code     0  startup.o(RESET)
    WideTimer4A_Handler                      0x0000028f   Thumb Code     0  startup.o(RESET)
    WideTimer4B_Handler                      0x0000028f   Thumb Code     0  startup.o(RESET)
    WideTimer5A_Handler                      0x0000028f   Thumb Code     0  startup.o(RESET)
    WideTimer5B_Handler                      0x0000028f   Thumb Code     0  startup.o(RESET)
    uDMA_Error                               0x0000028f   Thumb Code     0  startup.o(RESET)
    uDMA_Handler                             0x0000028f   Thumb Code     0  startup.o(RESET)
    OutStr                                   0x00000291   Thumb Code     0  outstr.o(.text)
    __use_two_region_memory                  0x0000037d   Thumb Code     2  heapauxi.o(.text)
    __rt_heap_escrow$2region                 0x0000037f   Thumb Code     2  heapauxi.o(.text)
    __rt_heap_expand$2region                 0x00000381   Thumb Code     2  heapauxi.o(.text)
    __main                                   0x00000385   Thumb Code     0  __main.o(main)
    My_Timer0A_Handler                       0x00000491   Thumb Code    48  pulse.o(routines)
    PULSE_INIT                               0x000004c1   Thumb Code   162  pulse.o(routines)
    READ_INIT                                0x000005a9   Thumb Code   136  read.o(routines)
    CONVRT                                   0x0000065d   Thumb Code    92  convrt.o(routines)



==============================================================================

Memory Map of the image

  Image Entry point : 0x0000026d

  Load Region LR_1 (Base: 0x00000000, Size: 0x00000ae0, Max: 0xffffffff, ABSOLUTE)

    Execution Region ER_RO (Exec base: 0x00000000, Load base: 0x00000000, Size: 0x000006e0, Max: 0xffffffff, ABSOLUTE)

    Exec Addr    Load Addr    Size         Type   Attr      Idx    E Section Name        Object

    0x00000000   0x00000000   0x00000290   Code   RO           13  * RESET               startup.o
    0x00000290   0x00000290   0x000000ec   Code   RO           20    .text               outstr.o
    0x0000037c   0x0000037c   0x00000006   Code   RO           33    .text               c_w.l(heapauxi.o)
    0x00000382   0x00000382   0x00000002   PAD
    0x00000384   0x00000384   0x0000010c   Code   RO            2    main                __main.o
    0x00000490   0x00000490   0x00000118   Code   RO            7    routines            pulse.o
    0x000005a8   0x000005a8   0x000000b4   Code   RO           23    routines            read.o
    0x0000065c   0x0000065c   0x0000005c   Code   RO           27    routines            convrt.o
    0x000006b8   0x000006b8   0x00000026   Data   RO            1    sdata               __main.o


    Execution Region ER_RW (Exec base: 0x20000000, Load base: 0x000006e0, Size: 0x00000400, Max: 0xffffffff, ABSOLUTE)

    Exec Addr    Load Addr    Size         Type   Attr      Idx    E Section Name        Object

    0x20000000   0x000006e0   0x00000400   Data   RW           11    STACK               startup.o


    Execution Region ER_ZI (Exec base: 0x20000400, Load base: 0x00000ae0, Size: 0x00000000, Max: 0xffffffff, ABSOLUTE)

    **** No section assigned to this execution region ****


==============================================================================

Image component sizes


      Code (inc. data)   RO Data    RW Data    ZI Data      Debug   Object Name

       268         32         38          0          0        336   __main.o
        92          0          0          0          0        388   convrt.o
       236         54          0          0          0        312   outstr.o
       280         70          0          0          0        492   pulse.o
       180         44          0          0          0        416   read.o
       656        620          0       1024          0        768   startup.o

    ----------------------------------------------------------------------
      1712        820         40       1024          0       2712   Object Totals
         0          0          0          0          0          0   (incl. Generated)
         0          0          2          0          0          0   (incl. Padding)

    ----------------------------------------------------------------------

      Code (inc. data)   RO Data    RW Data    ZI Data      Debug   Library Member Name

         6          0          0          0          0        152   heapauxi.o

    ----------------------------------------------------------------------
         8          0          0          0          0        152   Library Totals
         2          0          0          0          0          0   (incl. Padding)

    ----------------------------------------------------------------------

      Code (inc. data)   RO Data    RW Data    ZI Data      Debug   Library Name

         6          0          0          0          0        152   c_w.l

    ----------------------------------------------------------------------
         8          0          0          0          0        152   Library Totals

    ----------------------------------------------------------------------

==============================================================================


      Code (inc. data)   RO Data    RW Data    ZI Data      Debug   

      1720        820         40       1024          0       2564   Grand Totals
      1720        820         40       1024          0       2564   ELF Image Totals
      1720        820         40       1024          0          0   ROM Totals

==============================================================================

    Total RO  Size (Code + RO Data)                 1760 (   1.72kB)
    Total RW  Size (RW Data + ZI Data)              1024 (   1.00kB)
    Total ROM Size (Code + RO Data + RW Data)       2784 (   2.72kB)

==============================================================================

