


ARM Macro Assembler    Page 1 


    1 00000000         ;*******************************************************
                       ********
    2 00000000         ; Program section           
    3 00000000         ;*******************************************************
                       ********
    4 00000000         ;LABEL  DIRECTIVE VALUE  COMMENT
    5 00000000         ;LABEL DIRECTIVE VALUE COMMENT
    6 00000000                 AREA             rutins , CODE, READONLY
    7 00000000                 THUMB
    8 00000000                 EXPORT           delay       ;
    9 00000000         delay   PROC
   10 00000000         
   11 00000000 1E40    GoBack  SUBS             R0,R0,#1    ;
   12 00000002 D000            BEQ              End_Delay
   13 00000004 E7FC            B                GoBack
   14 00000006 4770    End_Delay
                               BX               LR          ; end
   15 00000008         
   16 00000008         ;*******************************************************
                       ********
   17 00000008         ; End of the program  section
   18 00000008         ;*******************************************************
                       ********
   19 00000008         ;LABEL      DIRECTIVE       VALUE                       
                           COMMENT
   20 00000008                 ALIGN
   21 00000008                 ENDP
   22 00000008                 END
Command Line: --debug --xref --diag_suppress=9931 --cpu=Cortex-M4.fp --apcs=int
erwork --depend=.\objects\delay.d -o.\objects\delay.o -I"C:\Users\Furkan\Google
 Drive\Ders Kitaplarý-Notlar\4. Sýnýf\EE447\LAB\Exp5\Q5\RTE" -IC:\Keil_v5\ARM\P
ACK\Keil\TM4C_DFP\1.1.0\Device\Include\TM4C123 -IC:\Keil_v5\ARM\CMSIS\Include -
-predefine="__EVAL SETA 1" --predefine="__UVISION_VERSION SETA 521" --predefine
="TM4C123GH6PM SETA 1" --list=.\listings\delay.lst ..\Delay.s



ARM Macro Assembler    Page 1 Alphabetic symbol ordering
Relocatable symbols

End_Delay 00000006

Symbol: End_Delay
   Definitions
      At line 14 in file ..\Delay.s
   Uses
      At line 12 in file ..\Delay.s
Comment: End_Delay used once
GoBack 00000000

Symbol: GoBack
   Definitions
      At line 11 in file ..\Delay.s
   Uses
      At line 13 in file ..\Delay.s
Comment: GoBack used once
delay 00000000

Symbol: delay
   Definitions
      At line 9 in file ..\Delay.s
   Uses
      At line 8 in file ..\Delay.s
Comment: delay used once
rutins 00000000

Symbol: rutins
   Definitions
      At line 6 in file ..\Delay.s
   Uses
      None
Comment: rutins unused
4 symbols
338 symbols in table
