Component: ARM Compiler 5.06 update 3 (build 300) Tool: armlink [4d35c9]

==============================================================================

Section Cross References

    startup.o(STACK) refers (Special) to heapauxi.o(.text) for __use_two_region_memory
    startup.o(HEAP) refers (Special) to heapauxi.o(.text) for __use_two_region_memory
    startup.o(RESET) refers (Special) to heapauxi.o(.text) for __use_two_region_memory
    startup.o(RESET) refers to startup.o(STACK) for StackMem
    startup.o(RESET) refers to q5main.o(main) for __main
    startup.o(RESET) refers to motordrive.o(rutins) for DriveMotor
    startup.o(.text) refers (Special) to heapauxi.o(.text) for __use_two_region_memory
    startup.o(.text) refers to startup.o(HEAP) for HeapMem
    startup.o(.text) refers to startup.o(STACK) for StackMem
    q5main.o(main) refers to gpio_init.o(rutins) for InitGPIO
    q5main.o(main) refers to systemtimer.o(initisr) for InitSysTick
    q5main.o(main) refers to inputcheck.o(rutins) for CheckInput
    inputcheck.o(rutins) refers to delay.o(rutins) for delay
    motordrive.o(rutins) refers to sigsend.o(rutins) for SignalSend


==============================================================================

Removing Unused input sections from the image.

    Removing startup.o(HEAP), (0 bytes).
    Removing startup.o(.text), (48 bytes).
    Removing q5main.o(sdata), (19 bytes).

3 unused section(s) (total 67 bytes) removed from the image.

==============================================================================

Image Symbol Table

    Local Symbols

    Symbol Name                              Value     Ov Type        Size  Object(Section)

    RESET                                    0x00000000   Section      656  startup.o(RESET)
    ../clib/heapaux.c                        0x00000000   Number         0  heapauxi.o ABSOLUTE
    ..\Delay.s                               0x00000000   Number         0  delay.o ABSOLUTE
    ..\Q1\GPIO_Init.s                        0x00000000   Number         0  gpio_init.o ABSOLUTE
    ..\Q1\SigSend.s                          0x00000000   Number         0  sigsend.o ABSOLUTE
    InputCheck.s                             0x00000000   Number         0  inputcheck.o ABSOLUTE
    MotorDrive.s                             0x00000000   Number         0  motordrive.o ABSOLUTE
    Q5Main.s                                 0x00000000   Number         0  q5main.o ABSOLUTE
    Startup.s                                0x00000000   Number         0  startup.o ABSOLUTE
    SystemTimer.s                            0x00000000   Number         0  systemtimer.o ABSOLUTE
    dc.s                                     0x00000000   Number         0  dc.o ABSOLUTE
    $v0                                      0x0000026c   Number         0  startup.o(RESET)
    .text                                    0x00000290   Section        0  heapauxi.o(.text)
    initisr                                  0x00000298   Section       52  systemtimer.o(initisr)
    $v0                                      0x00000298   Number         0  systemtimer.o(initisr)
    main                                     0x000002cc   Section       24  q5main.o(main)
    $v0                                      0x000002cc   Number         0  q5main.o(main)
    rutins                                   0x000002e4   Section      116  inputcheck.o(rutins)
    $v0                                      0x000002e4   Number         0  inputcheck.o(rutins)
    rutins                                   0x00000358   Section        8  delay.o(rutins)
    $v0                                      0x00000358   Number         0  delay.o(rutins)
    rutins                                   0x00000360   Section       84  gpio_init.o(rutins)
    $v0                                      0x00000360   Number         0  gpio_init.o(rutins)
    rutins                                   0x000003b4   Section       12  sigsend.o(rutins)
    $v0                                      0x000003b4   Number         0  sigsend.o(rutins)
    rutins                                   0x000003c0   Section      104  motordrive.o(rutins)
    $v0                                      0x000003c0   Number         0  motordrive.o(rutins)
    STACK                                    0x20000000   Section     1024  startup.o(STACK)
    StackMem                                 0x20000000   Data           0  startup.o(STACK)

    Global Symbols

    Symbol Name                              Value     Ov Type        Size  Object(Section)

    BuildAttributes$$THM_ISAv4$E$P$D$K$B$S$7EM$VFPi3$EXTD16$VFPS$VFMA$PE$A:L22UL41UL21$X:L11$S22US41US21$IEEE1$IW$USESV6$~STKCKD$USESV7$~SHL$OSPACE$ROPI$EBA8$STANDARDLIB$REQ8$EABIv2 0x00000000   Number         0  anon$$obj.o ABSOLUTE
    __Vectors                                0x00000000   Data           0  startup.o(RESET)
    Reset_Handler                            0x0000026d   Thumb Code     0  startup.o(RESET)
    NMI_Handler                              0x00000271   Thumb Code     2  startup.o(RESET)
    HardFault_Handler                        0x00000273   Thumb Code     2  startup.o(RESET)
    MemManage_Handler                        0x00000275   Thumb Code     2  startup.o(RESET)
    BusFault_Handler                         0x00000277   Thumb Code     2  startup.o(RESET)
    UsageFault_Handler                       0x00000279   Thumb Code     2  startup.o(RESET)
    SVC_Handler                              0x0000027b   Thumb Code     2  startup.o(RESET)
    DebugMon_Handler                         0x0000027d   Thumb Code     2  startup.o(RESET)
    PendSV_Handler                           0x0000027f   Thumb Code     2  startup.o(RESET)
    SysTick_Handler                          0x00000281   Thumb Code    12  startup.o(RESET)
    ADC0Seq0_Handler                         0x0000028d   Thumb Code     0  startup.o(RESET)
    ADC0Seq1_Handler                         0x0000028d   Thumb Code     0  startup.o(RESET)
    ADC0Seq2_Handler                         0x0000028d   Thumb Code     0  startup.o(RESET)
    ADC0Seq3_Handler                         0x0000028d   Thumb Code     0  startup.o(RESET)
    ADC1Seq0_Handler                         0x0000028d   Thumb Code     0  startup.o(RESET)
    ADC1Seq1_Handler                         0x0000028d   Thumb Code     0  startup.o(RESET)
    ADC1Seq2_Handler                         0x0000028d   Thumb Code     0  startup.o(RESET)
    ADC1Seq3_Handler                         0x0000028d   Thumb Code     0  startup.o(RESET)
    CAN0_Handler                             0x0000028d   Thumb Code     0  startup.o(RESET)
    CAN1_Handler                             0x0000028d   Thumb Code     0  startup.o(RESET)
    CAN2_Handler                             0x0000028d   Thumb Code     0  startup.o(RESET)
    Comp0_Handler                            0x0000028d   Thumb Code     0  startup.o(RESET)
    Comp1_Handler                            0x0000028d   Thumb Code     0  startup.o(RESET)
    Comp2_Handler                            0x0000028d   Thumb Code     0  startup.o(RESET)
    Ethernet_Handler                         0x0000028d   Thumb Code     0  startup.o(RESET)
    ExtBus_Handler                           0x0000028d   Thumb Code     0  startup.o(RESET)
    FPU_Handler                              0x0000028d   Thumb Code     0  startup.o(RESET)
    Fan0_Handler                             0x0000028d   Thumb Code     0  startup.o(RESET)
    FlashCtl_Handler                         0x0000028d   Thumb Code     0  startup.o(RESET)
    GPIOPortA_Handler                        0x0000028d   Thumb Code     0  startup.o(RESET)
    GPIOPortB_Handler                        0x0000028d   Thumb Code     0  startup.o(RESET)
    GPIOPortC_Handler                        0x0000028d   Thumb Code     0  startup.o(RESET)
    GPIOPortD_Handler                        0x0000028d   Thumb Code     0  startup.o(RESET)
    GPIOPortE_Handler                        0x0000028d   Thumb Code     0  startup.o(RESET)
    GPIOPortF_Handler                        0x0000028d   Thumb Code     0  startup.o(RESET)
    GPIOPortG_Handler                        0x0000028d   Thumb Code     0  startup.o(RESET)
    GPIOPortH_Handler                        0x0000028d   Thumb Code     0  startup.o(RESET)
    GPIOPortJ_Handler                        0x0000028d   Thumb Code     0  startup.o(RESET)
    GPIOPortK_Handler                        0x0000028d   Thumb Code     0  startup.o(RESET)
    GPIOPortL_Handler                        0x0000028d   Thumb Code     0  startup.o(RESET)
    GPIOPortM_Handler                        0x0000028d   Thumb Code     0  startup.o(RESET)
    GPIOPortN_Handler                        0x0000028d   Thumb Code     0  startup.o(RESET)
    GPIOPortP1_Handler                       0x0000028d   Thumb Code     0  startup.o(RESET)
    GPIOPortP2_Handler                       0x0000028d   Thumb Code     0  startup.o(RESET)
    GPIOPortP3_Handler                       0x0000028d   Thumb Code     0  startup.o(RESET)
    GPIOPortP4_Handler                       0x0000028d   Thumb Code     0  startup.o(RESET)
    GPIOPortP5_Handler                       0x0000028d   Thumb Code     0  startup.o(RESET)
    GPIOPortP6_Handler                       0x0000028d   Thumb Code     0  startup.o(RESET)
    GPIOPortP7_Handler                       0x0000028d   Thumb Code     0  startup.o(RESET)
    GPIOPortP_Handler                        0x0000028d   Thumb Code     0  startup.o(RESET)
    GPIOPortQ1_Handler                       0x0000028d   Thumb Code     0  startup.o(RESET)
    GPIOPortQ2_Handler                       0x0000028d   Thumb Code     0  startup.o(RESET)
    GPIOPortQ3_Handler                       0x0000028d   Thumb Code     0  startup.o(RESET)
    GPIOPortQ4_Handler                       0x0000028d   Thumb Code     0  startup.o(RESET)
    GPIOPortQ5_Handler                       0x0000028d   Thumb Code     0  startup.o(RESET)
    GPIOPortQ6_Handler                       0x0000028d   Thumb Code     0  startup.o(RESET)
    GPIOPortQ7_Handler                       0x0000028d   Thumb Code     0  startup.o(RESET)
    GPIOPortQ_Handler                        0x0000028d   Thumb Code     0  startup.o(RESET)
    GPIOPortR_Handler                        0x0000028d   Thumb Code     0  startup.o(RESET)
    GPIOPortS_Handler                        0x0000028d   Thumb Code     0  startup.o(RESET)
    Hibernate_Handler                        0x0000028d   Thumb Code     0  startup.o(RESET)
    I2C0_Handler                             0x0000028d   Thumb Code     0  startup.o(RESET)
    I2C1_Handler                             0x0000028d   Thumb Code     0  startup.o(RESET)
    I2C2_Handler                             0x0000028d   Thumb Code     0  startup.o(RESET)
    I2C3_Handler                             0x0000028d   Thumb Code     0  startup.o(RESET)
    I2C4_Handler                             0x0000028d   Thumb Code     0  startup.o(RESET)
    I2C5_Handler                             0x0000028d   Thumb Code     0  startup.o(RESET)
    I2S0_Handler                             0x0000028d   Thumb Code     0  startup.o(RESET)
    LPC0_Handler                             0x0000028d   Thumb Code     0  startup.o(RESET)
    PECI0_Handler                            0x0000028d   Thumb Code     0  startup.o(RESET)
    PWM0Fault_Handler                        0x0000028d   Thumb Code     0  startup.o(RESET)
    PWM0Generator0_Handler                   0x0000028d   Thumb Code     0  startup.o(RESET)
    PWM0Generator1_Handler                   0x0000028d   Thumb Code     0  startup.o(RESET)
    PWM0Generator2_Handler                   0x0000028d   Thumb Code     0  startup.o(RESET)
    PWM0Generator3_Handler                   0x0000028d   Thumb Code     0  startup.o(RESET)
    PWM1Fault_Handler                        0x0000028d   Thumb Code     0  startup.o(RESET)
    PWM1Generator0_Handler                   0x0000028d   Thumb Code     0  startup.o(RESET)
    PWM1Generator1_Handler                   0x0000028d   Thumb Code     0  startup.o(RESET)
    PWM1Generator2_Handler                   0x0000028d   Thumb Code     0  startup.o(RESET)
    PWM1Generator3_Handler                   0x0000028d   Thumb Code     0  startup.o(RESET)
    Quadrature0_Handler                      0x0000028d   Thumb Code     0  startup.o(RESET)
    Quadrature1_Handler                      0x0000028d   Thumb Code     0  startup.o(RESET)
    Quadrature2_Handler                      0x0000028d   Thumb Code     0  startup.o(RESET)
    SSI0_Handler                             0x0000028d   Thumb Code     0  startup.o(RESET)
    SSI1_Handler                             0x0000028d   Thumb Code     0  startup.o(RESET)
    SSI2_Handler                             0x0000028d   Thumb Code     0  startup.o(RESET)
    SSI3_Handler                             0x0000028d   Thumb Code     0  startup.o(RESET)
    SysCtl_Handler                           0x0000028d   Thumb Code     0  startup.o(RESET)
    Timer0A_Handler                          0x0000028d   Thumb Code     0  startup.o(RESET)
    Timer0B_Handler                          0x0000028d   Thumb Code     0  startup.o(RESET)
    Timer1A_Handler                          0x0000028d   Thumb Code     0  startup.o(RESET)
    Timer1B_Handler                          0x0000028d   Thumb Code     0  startup.o(RESET)
    Timer2A_Handler                          0x0000028d   Thumb Code     0  startup.o(RESET)
    Timer2B_Handler                          0x0000028d   Thumb Code     0  startup.o(RESET)
    Timer3A_Handler                          0x0000028d   Thumb Code     0  startup.o(RESET)
    Timer3B_Handler                          0x0000028d   Thumb Code     0  startup.o(RESET)
    Timer4A_Handler                          0x0000028d   Thumb Code     0  startup.o(RESET)
    Timer4B_Handler                          0x0000028d   Thumb Code     0  startup.o(RESET)
    Timer5A_Handler                          0x0000028d   Thumb Code     0  startup.o(RESET)
    Timer5B_Handler                          0x0000028d   Thumb Code     0  startup.o(RESET)
    UART0_Handler                            0x0000028d   Thumb Code     0  startup.o(RESET)
    UART1_Handler                            0x0000028d   Thumb Code     0  startup.o(RESET)
    UART2_Handler                            0x0000028d   Thumb Code     0  startup.o(RESET)
    UART3_Handler                            0x0000028d   Thumb Code     0  startup.o(RESET)
    UART4_Handler                            0x0000028d   Thumb Code     0  startup.o(RESET)
    UART5_Handler                            0x0000028d   Thumb Code     0  startup.o(RESET)
    UART6_Handler                            0x0000028d   Thumb Code     0  startup.o(RESET)
    UART7_Handler                            0x0000028d   Thumb Code     0  startup.o(RESET)
    USB0_Handler                             0x0000028d   Thumb Code     0  startup.o(RESET)
    WDT_Handler                              0x0000028d   Thumb Code     0  startup.o(RESET)
    WideTimer0A_Handler                      0x0000028d   Thumb Code     0  startup.o(RESET)
    WideTimer0B_Handler                      0x0000028d   Thumb Code     0  startup.o(RESET)
    WideTimer1A_Handler                      0x0000028d   Thumb Code     0  startup.o(RESET)
    WideTimer1B_Handler                      0x0000028d   Thumb Code     0  startup.o(RESET)
    WideTimer2A_Handler                      0x0000028d   Thumb Code     0  startup.o(RESET)
    WideTimer2B_Handler                      0x0000028d   Thumb Code     0  startup.o(RESET)
    WideTimer3A_Handler                      0x0000028d   Thumb Code     0  startup.o(RESET)
    WideTimer3B_Handler                      0x0000028d   Thumb Code     0  startup.o(RESET)
    WideTimer4A_Handler                      0x0000028d   Thumb Code     0  startup.o(RESET)
    WideTimer4B_Handler                      0x0000028d   Thumb Code     0  startup.o(RESET)
    WideTimer5A_Handler                      0x0000028d   Thumb Code     0  startup.o(RESET)
    WideTimer5B_Handler                      0x0000028d   Thumb Code     0  startup.o(RESET)
    uDMA_Error                               0x0000028d   Thumb Code     0  startup.o(RESET)
    uDMA_Handler                             0x0000028d   Thumb Code     0  startup.o(RESET)
    __use_two_region_memory                  0x00000291   Thumb Code     2  heapauxi.o(.text)
    __rt_heap_escrow$2region                 0x00000293   Thumb Code     2  heapauxi.o(.text)
    __rt_heap_expand$2region                 0x00000295   Thumb Code     2  heapauxi.o(.text)
    InitSysTick                              0x00000299   Thumb Code    36  systemtimer.o(initisr)
    __main                                   0x000002cd   Thumb Code     0  q5main.o(main)
    CheckInput                               0x000002e5   Thumb Code   112  inputcheck.o(rutins)
    delay                                    0x00000359   Thumb Code     8  delay.o(rutins)
    InitGPIO                                 0x00000361   Thumb Code    64  gpio_init.o(rutins)
    SignalSend                               0x000003b5   Thumb Code     8  sigsend.o(rutins)
    DriveMotor                               0x000003c1   Thumb Code   100  motordrive.o(rutins)



==============================================================================

Memory Map of the image

  Image Entry point : 0x0000026d

  Load Region LR_1 (Base: 0x00000000, Size: 0x00000828, Max: 0xffffffff, ABSOLUTE)

    Execution Region ER_RO (Base: 0x00000000, Size: 0x00000428, Max: 0xffffffff, ABSOLUTE)

    Base Addr    Size         Type   Attr      Idx    E Section Name        Object

    0x00000000   0x00000290   Code   RO            3  * RESET               startup.o
    0x00000290   0x00000006   Code   RO           42    .text               c_w.l(heapauxi.o)
    0x00000296   0x00000002   PAD
    0x00000298   0x00000034   Code   RO           36    initisr             systemtimer.o
    0x000002cc   0x00000018   Code   RO           13    main                q5main.o
    0x000002e4   0x00000074   Code   RO           16    rutins              inputcheck.o
    0x00000358   0x00000008   Code   RO           20    rutins              delay.o
    0x00000360   0x00000054   Code   RO           24    rutins              gpio_init.o
    0x000003b4   0x0000000c   Code   RO           28    rutins              sigsend.o
    0x000003c0   0x00000068   Code   RO           32    rutins              motordrive.o


    Execution Region ER_RW (Base: 0x20000000, Size: 0x00000400, Max: 0xffffffff, ABSOLUTE)

    Base Addr    Size         Type   Attr      Idx    E Section Name        Object

    0x20000000   0x00000400   Data   RW            1    STACK               startup.o


    Execution Region ER_ZI (Base: 0x20000400, Size: 0x00000000, Max: 0xffffffff, ABSOLUTE)

    **** No section assigned to this execution region ****


==============================================================================

Image component sizes


      Code (inc. data)   RO Data    RW Data    ZI Data      Debug   Object Name

         8          0          0          0          0        384   delay.o
        84         22          0          0          0        420   gpio_init.o
       116          4          0          0          0        432   inputcheck.o
       104          4          0          0          0        428   motordrive.o
        24          0          0          0          0        252   q5main.o
        12          6          0          0          0        396   sigsend.o
       656        622          0       1024          0        812   startup.o
        52         16          0          0          0        404   systemtimer.o

    ----------------------------------------------------------------------
      1056        674          0       1024          0       3528   Object Totals
         0          0          0          0          0          0   (incl. Generated)
         0          0          0          0          0          0   (incl. Padding)

    ----------------------------------------------------------------------

      Code (inc. data)   RO Data    RW Data    ZI Data      Debug   Library Member Name

         6          0          0          0          0        152   heapauxi.o

    ----------------------------------------------------------------------
         8          0          0          0          0        152   Library Totals
         2          0          0          0          0          0   (incl. Padding)

    ----------------------------------------------------------------------

      Code (inc. data)   RO Data    RW Data    ZI Data      Debug   Library Name

         6          0          0          0          0        152   c_w.l

    ----------------------------------------------------------------------
         8          0          0          0          0        152   Library Totals

    ----------------------------------------------------------------------

==============================================================================


      Code (inc. data)   RO Data    RW Data    ZI Data      Debug   

      1064        674          0       1024          0       3080   Grand Totals
      1064        674          0       1024          0       3080   ELF Image Totals
      1064        674          0       1024          0          0   ROM Totals

==============================================================================

    Total RO  Size (Code + RO Data)                 1064 (   1.04kB)
    Total RW  Size (RW Data + ZI Data)              1024 (   1.00kB)
    Total ROM Size (Code + RO Data + RW Data)       2088 (   2.04kB)

==============================================================================

