


ARM Macro Assembler    Page 1 


    1 00000000         
    2 00000000         ; Your SystemTimer . s sour c e f i l e to implement
    3 00000000         ; i n i t i a l i z a t i o n and ISR
    4 00000000         
    5 00000000         ; De f i n i t i o n o f the l abe s s tanding f o r
    6 00000000         ; the addr e s s o f the r e g i s t e r s
    7 00000000 E000E010 
                       NVIC_ST_CTRL
                               EQU              0xE000E010
    8 00000000 E000E014 
                       NVIC_ST_RELOAD
                               EQU              0xE000E014
    9 00000000 E000E018 
                       NVIC_ST_CURRENT
                               EQU              0xE000E018
   10 00000000 E000ED20 
                       SHP_SYSPRI3
                               EQU              0xE000ED20
   11 00000000         ; end o f the r e g i s t e r l a b e l d e f i n i t i 
                       o n s
   12 00000000         ; 0x7D0 = 2000 ??> 2000*250 ns = 500mus
   13 00000000 000007D0 
                       RELOAD_VALUE
                               EQU              0x000007D0
   14 00000000         
   15 00000000         ; I n i t i a l i z a t i o n ar ea
   16 00000000         
   17 00000000         ;LABEL DIRECTIVE VALUE COMMENT
   18 00000000                 AREA             initisr , CODE, READONLY, ALIGN
=2
   19 00000000                 THUMB
   20 00000000                 EXPORT           InitSysTick
   21 00000000         InitSysTick
                               PROC
   22 00000000         ; f i r s t d i s a b l e system t imer and the r e l a 
                       t e d i n t e r r u p t
   23 00000000         ; then c o n f i g u r e i t to use i s t e r n a l o s 
                       c i l l a t o r PIOSC/4
   24 00000000 4908            LDR              R1 , =NVIC_ST_CTRL
   25 00000002 F04F 0000       MOV              R0 , #0
   26 00000006 6008            STR              R0 , [R1 ]
   27 00000008         ; now s e t the time out pe r iod
   28 00000008 4907            LDR              R1 , =NVIC_ST_RELOAD
   29 0000000A F44F 60FA       LDR              R0 , =RELOAD_VALUE
   30 0000000E 6008            STR              R0 , [R1 ]
   31 00000010         ; time out pe r i od i s s e t
   32 00000010         ; now s e t the cur r ent t imer value to the time out v
                       alue
   33 00000010 4906            LDR              R1 , =NVIC_ST_CURRENT
   34 00000012 6008            STR              R0 , [R1 ]
   35 00000014         ; cur r ent t imer = time out pe r iod
   36 00000014         ; now s e t the p r i o r i t y l e v e l
   37 00000014 4906            LDR              R1 , =SHP_SYSPRI3
   38 00000016 F04F 4080       MOV              R0 , #0x40000000
   39 0000001A 6008            STR              R0 , [R1 ]
   40 0000001C         ; p r i o r i t y i s s e t to 2
   41 0000001C         ; now enabl e system t imer and the r e l a t e d i n t 
                       e r r u p t
   42 0000001C 4901            LDR              R1 , =NVIC_ST_CTRL



ARM Macro Assembler    Page 2 


   43 0000001E F04F 0003       MOV              R0 , #0x03
   44 00000022 6008            STR              R0 , [R1 ]
   45 00000024         ; s e t up f o r system time i s now complete
   46 00000024                 ENDP
   47 00000024                 END
              E000E010 
              E000E014 
              E000E018 
              E000ED20 
Command Line: --debug --xref --diag_suppress=9931 --cpu=Cortex-M4.fp --apcs=int
erwork --depend=.\objects\systemtimer.d -o.\objects\systemtimer.o -I"C:\Users\F
urkan\Google Drive\Ders Kitaplarý-Notlar\4. Sýnýf\EE447\LAB\Exp5\Q5\RTE" -IC:\K
eil_v5\ARM\PACK\Keil\TM4C_DFP\1.1.0\Device\Include\TM4C123 -IC:\Keil_v5\ARM\CMS
IS\Include --predefine="__EVAL SETA 1" --predefine="__UVISION_VERSION SETA 521"
 --predefine="TM4C123GH6PM SETA 1" --list=.\listings\systemtimer.lst SystemTime
r.s



ARM Macro Assembler    Page 1 Alphabetic symbol ordering
Relocatable symbols

InitSysTick 00000000

Symbol: InitSysTick
   Definitions
      At line 21 in file SystemTimer.s
   Uses
      At line 20 in file SystemTimer.s
Comment: InitSysTick used once
initisr 00000000

Symbol: initisr
   Definitions
      At line 18 in file SystemTimer.s
   Uses
      None
Comment: initisr unused
2 symbols



ARM Macro Assembler    Page 1 Alphabetic symbol ordering
Absolute symbols

NVIC_ST_CTRL E000E010

Symbol: NVIC_ST_CTRL
   Definitions
      At line 7 in file SystemTimer.s
   Uses
      At line 24 in file SystemTimer.s
      At line 42 in file SystemTimer.s

NVIC_ST_CURRENT E000E018

Symbol: NVIC_ST_CURRENT
   Definitions
      At line 9 in file SystemTimer.s
   Uses
      At line 33 in file SystemTimer.s
Comment: NVIC_ST_CURRENT used once
NVIC_ST_RELOAD E000E014

Symbol: NVIC_ST_RELOAD
   Definitions
      At line 8 in file SystemTimer.s
   Uses
      At line 28 in file SystemTimer.s
Comment: NVIC_ST_RELOAD used once
RELOAD_VALUE 000007D0

Symbol: RELOAD_VALUE
   Definitions
      At line 13 in file SystemTimer.s
   Uses
      At line 29 in file SystemTimer.s
Comment: RELOAD_VALUE used once
SHP_SYSPRI3 E000ED20

Symbol: SHP_SYSPRI3
   Definitions
      At line 10 in file SystemTimer.s
   Uses
      At line 37 in file SystemTimer.s
Comment: SHP_SYSPRI3 used once
5 symbols
343 symbols in table
