


ARM Macro Assembler    Page 1 


    1 00000000 400053FC 
                       GPIO_PORTB_DATA
                               EQU              0x400053FC
    2 00000000         
    3 00000000         
    4 00000000         ;LABEL  DIRECTIVE VALUE  COMMENT
    5 00000000                 AREA             main, READONLY, CODE
    6 00000000                 THUMB
    7 00000000                 EXTERN           OutStr      ; Reference externa
                                                            l subroutine 
    8 00000000                 EXTERN           InChar      ; Serial input Adde
                                                            d
    9 00000000                 EXTERN           SysTick_Handler 
                                                            ; GPIO signal send
   10 00000000                 EXTERN           InitGPIO    ; GPIO initialize
   11 00000000                 IMPORT           Init_Timer
   12 00000000                 EXPORT           __main      ; Make available
   13 00000000         
   14 00000000         __main
   15 00000000 F7FF FFFE       BL               InitGPIO    ; GPIO initialized
   16 00000004 F7FF FFFE       BL               Init_Timer
   17 00000008 F04F 0480       MOV              R4, #0x80
   18 0000000C         
   19 0000000C F404 7184 
                       Begin   AND              R1, R4, #0x108
   20 00000010 2908            CMP              R1, #0x8
   21 00000012 D005            BEQ              REVERSE
   22 00000014 F5B1 7F80       CMP              R1, #0X100
   23 00000018 D1F8            BNE              Begin
   24 0000001A F04F 0410       MOV              R4, #0x10
   25 0000001E E7F5            B                Begin
   26 00000020 F04F 0480 
                       REVERSE MOV              R4, #0x80
   27 00000024 E7F2            B                Begin
   28 00000026 00 00           ALIGN
   29 00000028                 END
Command Line: --debug --xref --diag_suppress=9931 --cpu=Cortex-M4.fp --apcs=int
erwork --depend=.\objects\__main.d -o.\objects\__main.o -I.\RTE\_Target_1 -IC:\
Keil_v5\ARM\PACK\Keil\TM4C_DFP\1.1.0\Device\Include\TM4C123 -IC:\Keil_v5\ARM\CM
SIS\Include --predefine="__EVAL SETA 1" --predefine="__UVISION_VERSION SETA 526
" --predefine="TM4C123GH6PM SETA 1" --list=.\listings\__main.lst __main.s



ARM Macro Assembler    Page 1 Alphabetic symbol ordering
Relocatable symbols

Begin 0000000C

Symbol: Begin
   Definitions
      At line 19 in file __main.s
   Uses
      At line 23 in file __main.s
      At line 25 in file __main.s
      At line 27 in file __main.s

REVERSE 00000020

Symbol: REVERSE
   Definitions
      At line 26 in file __main.s
   Uses
      At line 21 in file __main.s
Comment: REVERSE used once
__main 00000000

Symbol: __main
   Definitions
      At line 14 in file __main.s
   Uses
      At line 12 in file __main.s
Comment: __main used once
main 00000000

Symbol: main
   Definitions
      At line 5 in file __main.s
   Uses
      None
Comment: main unused
4 symbols



ARM Macro Assembler    Page 1 Alphabetic symbol ordering
Absolute symbols

GPIO_PORTB_DATA 400053FC

Symbol: GPIO_PORTB_DATA
   Definitions
      At line 1 in file __main.s
   Uses
      None
Comment: GPIO_PORTB_DATA unused
1 symbol



ARM Macro Assembler    Page 1 Alphabetic symbol ordering
External symbols

InChar 00000000

Symbol: InChar
   Definitions
      At line 8 in file __main.s
   Uses
      None
Comment: InChar unused
InitGPIO 00000000

Symbol: InitGPIO
   Definitions
      At line 10 in file __main.s
   Uses
      At line 15 in file __main.s
Comment: InitGPIO used once
Init_Timer 00000000

Symbol: Init_Timer
   Definitions
      At line 11 in file __main.s
   Uses
      At line 16 in file __main.s
Comment: Init_Timer used once
OutStr 00000000

Symbol: OutStr
   Definitions
      At line 7 in file __main.s
   Uses
      None
Comment: OutStr unused
SysTick_Handler 00000000

Symbol: SysTick_Handler
   Definitions
      At line 9 in file __main.s
   Uses
      None
Comment: SysTick_Handler unused
5 symbols
344 symbols in table
