


ARM Macro Assembler    Page 1 


    1 00000000 400053FC 
                       GPIO_PORTB_DATA
                               EQU              0x400053FC
    2 00000000                 AREA             rutins , CODE, READONLY
    3 00000000                 THUMB
    4 00000000                 EXPORT           SysTick_Handler
    5 00000000                 EXTERN           SignalSend  ;
    6 00000000                 EXTERN           delay       ;
    7 00000000         SysTick_Handler
                               PROC
    8 00000000 F04F 0200       MOV              R2, #0
    9 00000004 4422            ADD              R2, R4
   10 00000006 2A00            CMP              R2, #0
   11 00000008 D003            BEQ              DONE        ;
   12 0000000A 2A01            CMP              R2, #1
   13 0000000C D002            BEQ              CW
   14 0000000E 2A02            CMP              R2, #2
   15 00000010 D00D            BEQ              CCW
   16 00000012         
   17 00000012 4770    DONE    BX               LR
   18 00000014 F003 030F 
                       CW      AND              R3,R3,#15   ;
   19 00000018 2B01            CMP              R3,#1
   20 0000001A BF0C 2308       MOVEQ            R3,#8       ;
   21 0000001E 085B            LSRNE            R3,R3,#1    ;
   22 00000020 461E            MOV              R6,R3       ;
   23 00000022 B500            PUSH{LR}
   24 00000024 F7FF FFFE       BL               SignalSend  ;
   25 00000028 F85D EB04       POP              {LR}
   26 0000002C         ;   MOV32 R0,#160000;If any input is detected
   27 0000002C         ;   PUSH{LR}
   28 0000002C         ;   BL  delay
   29 0000002C         ;   POP{LR}
   30 0000002C 4770            BX               LR          ;
   31 0000002E F003 030F 
                       CCW     AND              R3,R3,#15   ;
   32 00000032 2B08            CMP              R3,#8
   33 00000034 BF0C 2301       MOVEQ            R3,#1       ;
   34 00000038 005B            LSLNE            R3,R3,#1    ;
   35 0000003A 461E            MOV              R6,R3       ;
   36 0000003C B500            PUSH{LR}
   37 0000003E F7FF FFFE       BL               SignalSend  ;
   38 00000042 F85D EB04       POP              {LR}
   39 00000046 4770            BX               LR          ;   
   40 00000048         
   41 00000048         
   42 00000048         
   43 00000048         
   44 00000048         
   45 00000048                 ALIGN
   46 00000048                 ENDP
   47 00000048                 END
Command Line: --debug --xref --diag_suppress=9931 --cpu=Cortex-M4.fp --apcs=int
erwork --depend=.\objects\inputcheck.d -o.\objects\inputcheck.o -I.\RTE\_Target
_1 -IC:\Keil_v5\ARM\PACK\Keil\TM4C_DFP\1.1.0\Device\Include\TM4C123 -IC:\Keil_v
5\ARM\CMSIS\Include --predefine="__EVAL SETA 1" --predefine="__UVISION_VERSION 
SETA 526" --predefine="TM4C123GH6PM SETA 1" --list=.\listings\inputcheck.lst in
putcheck.s



ARM Macro Assembler    Page 1 Alphabetic symbol ordering
Relocatable symbols

CCW 0000002E

Symbol: CCW
   Definitions
      At line 31 in file inputcheck.s
   Uses
      At line 15 in file inputcheck.s
Comment: CCW used once
CW 00000014

Symbol: CW
   Definitions
      At line 18 in file inputcheck.s
   Uses
      At line 13 in file inputcheck.s
Comment: CW used once
DONE 00000012

Symbol: DONE
   Definitions
      At line 17 in file inputcheck.s
   Uses
      At line 11 in file inputcheck.s
Comment: DONE used once
SysTick_Handler 00000000

Symbol: SysTick_Handler
   Definitions
      At line 7 in file inputcheck.s
   Uses
      At line 4 in file inputcheck.s
Comment: SysTick_Handler used once
rutins 00000000

Symbol: rutins
   Definitions
      At line 2 in file inputcheck.s
   Uses
      None
Comment: rutins unused
5 symbols



ARM Macro Assembler    Page 1 Alphabetic symbol ordering
Absolute symbols

GPIO_PORTB_DATA 400053FC

Symbol: GPIO_PORTB_DATA
   Definitions
      At line 1 in file inputcheck.s
   Uses
      None
Comment: GPIO_PORTB_DATA unused
1 symbol



ARM Macro Assembler    Page 1 Alphabetic symbol ordering
External symbols

SignalSend 00000000

Symbol: SignalSend
   Definitions
      At line 5 in file inputcheck.s
   Uses
      At line 24 in file inputcheck.s
      At line 37 in file inputcheck.s

delay 00000000

Symbol: delay
   Definitions
      At line 6 in file inputcheck.s
   Uses
      None
Comment: delay unused
2 symbols
342 symbols in table
