


ARM Macro Assembler    Page 1 


    1 00000000 20000480 
                       FIRST   EQU              0x20000480
    2 00000000         ;LABEL  DIRECTIVE VALUE  COMMENT
    3 00000000                 AREA             main, READONLY, CODE
    4 00000000                 THUMB
    5 00000000                 EXTERN           PULSE_INIT  ; Pulse initializat
                                                            ion 
    6 00000000                 EXPORT           __main      ; Make available
    7 00000000         
    8 00000000         __main
    9 00000000 F7FF FFFE       BL               PULSE_INIT  ; initialize pulse
   10 00000004 F04F 0600       MOV              R6,#0
   11 00000008 B662            CPSIE            I
   12 0000000A         ;PUSH{R6}
   13 0000000A E7FE    loop    B                loop        ;
   14 0000000C         
   15 0000000C                 ALIGN
   16 0000000C                 END
Command Line: --debug --xref --diag_suppress=9931 --cpu=Cortex-M4.fp --apcs=int
erwork --depend=.\objects\q1_main.d -o.\objects\q1_main.o -I"C:\Users\Furkan\Go
ogle Drive\Ders Kitaplarý-Notlar\4. Sýnýf\EE447\LAB\Exp6\Q1\RTE" -IC:\Keil_v5\A
RM\PACK\Keil\TM4C_DFP\1.1.0\Device\Include\TM4C123 -IC:\Keil_v5\ARM\CMSIS\Inclu
de --predefine="__EVAL SETA 1" --predefine="__UVISION_VERSION SETA 521" --prede
fine="TM4C123GH6PM SETA 1" --list=.\listings\q1_main.lst Q1_Main.s



ARM Macro Assembler    Page 1 Alphabetic symbol ordering
Relocatable symbols

__main 00000000

Symbol: __main
   Definitions
      At line 8 in file Q1_Main.s
   Uses
      At line 6 in file Q1_Main.s
Comment: __main used once
loop 0000000A

Symbol: loop
   Definitions
      At line 13 in file Q1_Main.s
   Uses
      At line 13 in file Q1_Main.s
Comment: loop used once
main 00000000

Symbol: main
   Definitions
      At line 3 in file Q1_Main.s
   Uses
      None
Comment: main unused
3 symbols



ARM Macro Assembler    Page 1 Alphabetic symbol ordering
Absolute symbols

FIRST 20000480

Symbol: FIRST
   Definitions
      At line 1 in file Q1_Main.s
   Uses
      None
Comment: FIRST unused
1 symbol



ARM Macro Assembler    Page 1 Alphabetic symbol ordering
External symbols

PULSE_INIT 00000000

Symbol: PULSE_INIT
   Definitions
      At line 5 in file Q1_Main.s
   Uses
      At line 9 in file Q1_Main.s
Comment: PULSE_INIT used once
1 symbol
339 symbols in table
