


ARM Macro Assembler    Page 1 


    1 00000000         
    2 00000000         
    3 00000000         
    4 00000000                 AREA             subroutine , CODE, READONLY
    5 00000000                 THUMB
    6 00000000                 EXPORT           DELAY
    7 00000000         DELAY   PROC
    8 00000000 1E40    GoBack  SUBS             R0, R0, #1
    9 00000002 D000            BEQ              End_Delay
   10 00000004 E7FC            B                GoBack
   11 00000006 4770    End_Delay
                               BX               LR          ;end
   12 00000008         
   13 00000008                 ALIGN
   14 00000008                 ENDP
   15 00000008                 END
Command Line: --debug --xref --diag_suppress=9931 --cpu=Cortex-M4.fp --apcs=int
erwork --depend=.\objects\delay.d -o.\objects\delay.o -I.\RTE\_Target_1 -IC:\Ke
il_v5\ARM\PACK\Keil\TM4C_DFP\1.1.0\Device\Include\TM4C123 -IC:\Keil_v5\ARM\CMSI
S\Include --predefine="__EVAL SETA 1" --predefine="__UVISION_VERSION SETA 526" 
--predefine="TM4C123GH6PM SETA 1" --list=.\listings\delay.lst ..\Pre2_1-2\DELAY
.s



ARM Macro Assembler    Page 1 Alphabetic symbol ordering
Relocatable symbols

DELAY 00000000

Symbol: DELAY
   Definitions
      At line 7 in file ..\Pre2_1-2\DELAY.s
   Uses
      At line 6 in file ..\Pre2_1-2\DELAY.s
Comment: DELAY used once
End_Delay 00000006

Symbol: End_Delay
   Definitions
      At line 11 in file ..\Pre2_1-2\DELAY.s
   Uses
      At line 9 in file ..\Pre2_1-2\DELAY.s
Comment: End_Delay used once
GoBack 00000000

Symbol: GoBack
   Definitions
      At line 8 in file ..\Pre2_1-2\DELAY.s
   Uses
      At line 10 in file ..\Pre2_1-2\DELAY.s
Comment: GoBack used once
subroutine 00000000

Symbol: subroutine
   Definitions
      At line 4 in file ..\Pre2_1-2\DELAY.s
   Uses
      None
Comment: subroutine unused
4 symbols
338 symbols in table
